// Jest Snapshot v1, https://goo.gl/fbAQLP

exports[`Menu matches snapshot 1`] = `
<DocumentFragment>
  .c0 {
  width: 100%;
  line-height: 46px;
  height: 48px;
  border: 0;
  border-bottom: 1px solid #f0f0f0;
  box-shadow: none;
  text-align: left;
  list-style: none;
  overflow: hidden;
  margin: 0;
  padding: 0;
}

<ul
    class="c0"
    data-testid="__menu__"
  />
</DocumentFragment>
`;
